
-----
[1m[31mFATAL[39m[0m: An unexpected Turbopack error occurred. A panic log has been written to C:\Users\filip\AppData\Local\Temp\next-panic-bcb3ae953df461878338509a5bcc4166.log.

To help make Turbopack better, report this error by clicking here: https://bugs.nextjs.org/search?category=turbopack-error-report&title=Turbopack%20Error%3A%20File%20not%20found%3A%20FileSystemPath%20%7B%20fs%3A%20ResolvedVc%28RawVc%3A%3ATaskCell%289%2C%20%22turbo_tasks_fs%3A%3ADiskFileSystem%230%22%29%29%2C%20path%3A%20%22node_modules%2Fnext%2Fdist%2Flib%2Fdefault-transpiled-packages.json%22%20%7D&body=Turbopack%20version%3A%20%602275bd85%60%0ANext.js%20version%3A%20%600.0.0%60%0A%0AError%20message%3A%0A%60%60%60%0AFile%20not%20found%3A%20FileSystemPath%20%7B%20fs%3A%20ResolvedVc%28RawVc%3A%3ATaskCell%289%2C%20%22turbo_tasks_fs%3A%3ADiskFileSystem%230%22%29%29%2C%20path%3A%20%22node_modules%2Fnext%2Fdist%2Flib%2Fdefault-transpiled-packages.json%22%20%7D%0A%0ADebug%20info%3A%0A-%20Execution%20of%20get_entrypoints_with_issues_operation%20failed%0A-%20Execution%20of%20EntrypointsOperation%3A%3Anew%20failed%0A-%20Execution%20of%20Project%3A%3Aentrypoints_with_app_route_filter%20failed%0A-%20Execution%20of%20Project%3A%3Amiddleware_endpoint%20failed%0A-%20Execution%20of%20%2AMiddlewareEndpoint%3A%3Anew%20failed%0A-%20Execution%20of%20Project%3A%3Anode_middleware_context%20failed%0A-%20Execution%20of%20AppProject%3A%3Aedge_ecmascript_client_reference_transition%20failed%0A-%20Execution%20of%20%2ANextEcmascriptClientReferenceTransition%3A%3Anew%20failed%0A-%20Execution%20of%20AppProject%3A%3Aclient_transition%20failed%0A-%20Execution%20of%20%2AFullContextTransition%3A%3Anew%20failed%0A-%20Execution%20of%20AppProject%3A%3Aclient_module_context%20failed%0A-%20Execution%20of%20%2AModuleAssetContext%3A%3Anew%20failed%0A-%20Execution%20of%20get_client_module_options_context%20failed%0A-%20Execution%20of%20%2Aget_jsx_transform_options%20failed%0A-%20Execution%20of%20get_client_resolve_options_context%20failed%0A-%20Execution%20of%20get_transpiled_packages%20failed%0A-%20File%20not%20found%3A%20FileSystemPath%20%7B%20fs%3A%20ResolvedVc%28RawVc%3A%3ATaskCell%289%2C%20%22turbo_tasks_fs%3A%3ADiskFileSystem%230%22%29%29%2C%20path%3A%20%22node_modules%2Fnext%2Fdist%2Flib%2Fdefault-transpiled-packages.json%22%20%7D%0A%60%60%60&labels=Turbopack,Turbopack%20Panic%20Backtrace
-----


-----
[1m[31mFATAL[39m[0m: An unexpected Turbopack error occurred. A panic log has been written to C:\Users\filip\AppData\Local\Temp\next-panic-bcb3ae953df461878338509a5bcc4166.log.

To help make Turbopack better, report this error by clicking here: https://bugs.nextjs.org/search?category=turbopack-error-report&title=Turbopack%20Error%3A%20File%20not%20found%3A%20FileSystemPath%20%7B%20fs%3A%20ResolvedVc%28RawVc%3A%3ATaskCell%289%2C%20%22turbo_tasks_fs%3A%3ADiskFileSystem%230%22%29%29%2C%20path%3A%20%22node_modules%2Fnext%2Fdist%2Flib%2Fdefault-transpiled-packages.json%22%20%7D&body=Turbopack%20version%3A%20%602275bd85%60%0ANext.js%20version%3A%20%600.0.0%60%0A%0AError%20message%3A%0A%60%60%60%0AFile%20not%20found%3A%20FileSystemPath%20%7B%20fs%3A%20ResolvedVc%28RawVc%3A%3ATaskCell%289%2C%20%22turbo_tasks_fs%3A%3ADiskFileSystem%230%22%29%29%2C%20path%3A%20%22node_modules%2Fnext%2Fdist%2Flib%2Fdefault-transpiled-packages.json%22%20%7D%0A%0ADebug%20info%3A%0A-%20Execution%20of%20subscribe_issues_and_diags_operation%20failed%0A-%20Execution%20of%20pick_endpoint%20failed%0A-%20Execution%20of%20entrypoints_without_collectibles_operation%20failed%0A-%20Execution%20of%20Project%3A%3Aentrypoints_with_app_route_filter%20failed%0A-%20Execution%20of%20Project%3A%3Amiddleware_endpoint%20failed%0A-%20Execution%20of%20%2AMiddlewareEndpoint%3A%3Anew%20failed%0A-%20Execution%20of%20Project%3A%3Anode_middleware_context%20failed%0A-%20Execution%20of%20AppProject%3A%3Aedge_ecmascript_client_reference_transition%20failed%0A-%20Execution%20of%20%2ANextEcmascriptClientReferenceTransition%3A%3Anew%20failed%0A-%20Execution%20of%20AppProject%3A%3Aclient_transition%20failed%0A-%20Execution%20of%20%2AFullContextTransition%3A%3Anew%20failed%0A-%20Execution%20of%20AppProject%3A%3Aclient_module_context%20failed%0A-%20Execution%20of%20%2AModuleAssetContext%3A%3Anew%20failed%0A-%20Execution%20of%20get_client_module_options_context%20failed%0A-%20Execution%20of%20%2Aget_jsx_transform_options%20failed%0A-%20Execution%20of%20get_client_resolve_options_context%20failed%0A-%20Execution%20of%20get_transpiled_packages%20failed%0A-%20File%20not%20found%3A%20FileSystemPath%20%7B%20fs%3A%20ResolvedVc%28RawVc%3A%3ATaskCell%289%2C%20%22turbo_tasks_fs%3A%3ADiskFileSystem%230%22%29%29%2C%20path%3A%20%22node_modules%2Fnext%2Fdist%2Flib%2Fdefault-transpiled-packages.json%22%20%7D%0A%60%60%60&labels=Turbopack,Turbopack%20Panic%20Backtrace
-----


-----
[1m[31mFATAL[39m[0m: An unexpected Turbopack error occurred. A panic log has been written to C:\Users\filip\AppData\Local\Temp\next-panic-bcb3ae953df461878338509a5bcc4166.log.

To help make Turbopack better, report this error by clicking here: https://bugs.nextjs.org/search?category=turbopack-error-report&title=Turbopack%20Error%3A%20File%20not%20found%3A%20FileSystemPath%20%7B%20fs%3A%20ResolvedVc%28RawVc%3A%3ATaskCell%289%2C%20%22turbo_tasks_fs%3A%3ADiskFileSystem%230%22%29%29%2C%20path%3A%20%22node_modules%2Fnext%2Fdist%2Flib%2Fdefault-transpiled-packages.json%22%20%7D&body=Turbopack%20version%3A%20%602275bd85%60%0ANext.js%20version%3A%20%600.0.0%60%0A%0AError%20message%3A%0A%60%60%60%0AFile%20not%20found%3A%20FileSystemPath%20%7B%20fs%3A%20ResolvedVc%28RawVc%3A%3ATaskCell%289%2C%20%22turbo_tasks_fs%3A%3ADiskFileSystem%230%22%29%29%2C%20path%3A%20%22node_modules%2Fnext%2Fdist%2Flib%2Fdefault-transpiled-packages.json%22%20%7D%0A%0ADebug%20info%3A%0A-%20Execution%20of%20subscribe_issues_and_diags_operation%20failed%0A-%20Execution%20of%20pick_endpoint%20failed%0A-%20Execution%20of%20entrypoints_without_collectibles_operation%20failed%0A-%20Execution%20of%20Project%3A%3Aentrypoints_with_app_route_filter%20failed%0A-%20Execution%20of%20Project%3A%3Amiddleware_endpoint%20failed%0A-%20Execution%20of%20%2AMiddlewareEndpoint%3A%3Anew%20failed%0A-%20Execution%20of%20Project%3A%3Anode_middleware_context%20failed%0A-%20Execution%20of%20AppProject%3A%3Aedge_ecmascript_client_reference_transition%20failed%0A-%20Execution%20of%20%2ANextEcmascriptClientReferenceTransition%3A%3Anew%20failed%0A-%20Execution%20of%20AppProject%3A%3Aclient_transition%20failed%0A-%20Execution%20of%20%2AFullContextTransition%3A%3Anew%20failed%0A-%20Execution%20of%20AppProject%3A%3Aclient_module_context%20failed%0A-%20Execution%20of%20%2AModuleAssetContext%3A%3Anew%20failed%0A-%20Execution%20of%20get_client_module_options_context%20failed%0A-%20Execution%20of%20%2Aget_jsx_transform_options%20failed%0A-%20Execution%20of%20get_client_resolve_options_context%20failed%0A-%20Execution%20of%20get_transpiled_packages%20failed%0A-%20File%20not%20found%3A%20FileSystemPath%20%7B%20fs%3A%20ResolvedVc%28RawVc%3A%3ATaskCell%289%2C%20%22turbo_tasks_fs%3A%3ADiskFileSystem%230%22%29%29%2C%20path%3A%20%22node_modules%2Fnext%2Fdist%2Flib%2Fdefault-transpiled-packages.json%22%20%7D%0A%60%60%60&labels=Turbopack,Turbopack%20Panic%20Backtrace
-----

Error [TurbopackInternalError]: File not found: FileSystemPath { fs: ResolvedVc(RawVc::TaskCell(9, "turbo_tasks_fs::DiskFileSystem#0")), path: "node_modules/next/dist/lib/default-transpiled-packages.json" }

Debug info:
- Execution of get_entrypoints_with_issues_operation failed
- Execution of EntrypointsOperation::new failed
- Execution of Project::entrypoints_with_app_route_filter failed
- Execution of Project::middleware_endpoint failed
- Execution of *MiddlewareEndpoint::new failed
- Execution of Project::node_middleware_context failed
- Execution of AppProject::edge_ecmascript_client_reference_transition failed
- Execution of *NextEcmascriptClientReferenceTransition::new failed
- Execution of AppProject::client_transition failed
- Execution of *FullContextTransition::new failed
- Execution of AppProject::client_module_context failed
- Execution of *ModuleAssetContext::new failed
- Execution of get_client_module_options_context failed
- Execution of *get_jsx_transform_options failed
- Execution of get_client_resolve_options_context failed
- Execution of get_transpiled_packages failed
- File not found: FileSystemPath { fs: ResolvedVc(RawVc::TaskCell(9, "turbo_tasks_fs::DiskFileSystem#0")), path: "node_modules/next/dist/lib/default-transpiled-packages.json" }
    at ignore-listed frames {
  location: undefined
}
